
> st_solart@0.1.2 build
> vite build

[36mvite v8.0.3 [32mbuilding client environment for production...[36m[39m
[2K
transforming...Ô£ô 664 modules transformed.
node.exe : [31mÔ£ù[39m Build failed in 385ms
No linha:1 caractere:1
+ & "C:\Program Files\nodejs/node.exe" "C:\Program Files\nodejs/node_mo ...
+ ~~~~~~~~~~~~~~~~~~~~~~~~~~~~~~~~~~~~~~~~~~~~~~~~~~~~~~~~~~~~~~~~~~~~~
    + CategoryInfo          : NotSpecified: ([31mÔ£ù[39m Build failed in 385ms:String) [], RemoteException
    + FullyQualifiedErrorId : NativeCommandError
 
[31merror during build:
[31mBuild failed with 1 error:

[31m[builtin:vite-transform] Error:[0m Expected corresponding JSX closing tag for 'div'.
     [38;5;246mÔò¡[0m[38;5;246mÔöÇ[0m[38;5;246m[[0m src/Fornecedores.jsx:401:12 [38;5;246m][0m
     [38;5;246mÔöé[0m
 [38;5;246m374 Ôöé[0m [38;5;249m [0m[38;5;249m [0m[38;5;249m [0m[38;5;249m [0m[38;5;249m [0m[38;5;249m 
[0m[38;5;249m [0m[38;5;249m [0m[38;5;249m [0m[38;5;249m [0m[38;5;249m [0m[38;5;249m [0m[38;5;249m 
[0m[38;5;249m [0m[38;5;249m<[0mdiv[38;5;249m>[0m
 [38;5;240m    Ôöé[0m                ÔöÇÔö¼ÔöÇ  
 [38;5;240m    Ôöé[0m                 Ôò░ÔöÇÔöÇÔöÇ Opened here
 [38;5;240m    Ôöé[0m 
 [38;5;246m401 Ôöé[0m [38;5;249m [0m[38;5;249m [0m[38;5;249m [0m[38;5;249m [0m[38;5;249m [0m[38;5;249m 
[0m[38;5;249m [0m[38;5;249m [0m[38;5;249m [0m[38;5;249m<[0m[38;5;249m/[0mbutton[38;5;249m>[0m
 [38;5;240m    Ôöé[0m            ÔöÇÔöÇÔöÇÔö¼ÔöÇÔöÇ  
 [38;5;240m    Ôöé[0m               Ôò░ÔöÇÔöÇÔöÇÔöÇ Expected `</div>`
[38;5;246mÔöÇÔöÇÔöÇÔöÇÔöÇÔò»[0m
[31m
    at aggregateBindingErrorsIntoJsError 
(file:///C:/Users/shaya/Downloads/App/App_St/node_modules/rolldown/dist/shared/error-BLhcSyeg.mjs:48:18)
    at unwrapBindingResult 
(file:///C:/Users/shaya/Downloads/App/App_St/node_modules/rolldown/dist/shared/error-BLhcSyeg.mjs:18:128)
    at #build 
(file:///C:/Users/shaya/Downloads/App/App_St/node_modules/rolldown/dist/shared/rolldown-build-CPrIX9V6.mjs:3313:34)
    at async buildEnvironment 
(file:///C:/Users/shaya/Downloads/App/App_St/node_modules/vite/dist/node/chunks/node.js:32849:64)
    at async Object.build 
(file:///C:/Users/shaya/Downloads/App/App_St/node_modules/vite/dist/node/chunks/node.js:33271:19)
    at async Object.buildApp 
(file:///C:/Users/shaya/Downloads/App/App_St/node_modules/vite/dist/node/chunks/node.js:33268:153)
    at async CAC.<anonymous> (file:///C:/Users/shaya/Downloads/App/App_St/node_modules/vite/dist/node/cli.js:778:3) {
  errors: [Getter/Setter]
}[39m
